=3fc9b900 size=082fch ( 33532) load[0m
[0;32mI (169) esÔøΩESP-ROM:esp32s3-20210327
Build:Mar 27 2021
rst:0x1 (POWERON),boot:0x28 (SPI_FAST_FLASH_BOOT)
SPIWP:0xee
mode:DIO, clock div:1
load:0x3fce2820,len:0x1918
load:0x403c8700,len:0x4
load:0x403c8704,len:0xe5c
load:0x403cb700,len:0x303c
entry 0x403c893c
[0;32mI (27) boot: ESP-IDF v5.3.1-dirty 2nd stage bootloader[0m
[0;32mI (27) boot: compile time Oct 25 2024 14:16:11[0m
[0;32mI (27) boot: Multicore bootloader[0m
[0;32mI (30) boot: chip revision: v0.2[0m
[0;32mI (34) qio_mode: Enabling default flash chip QIO[0m
[0;32mI (40) boot.esp32s3: Boot SPI Speed : 80MHz[0m
[0;32mI (44) boot.esp32s3: SPI Mode       : QIO[0m
[0;32mI (49) boot.esp32s3: SPI Flash Size : 16MB[0m
[0;32mI (54) boot: Enabling RNG early entropy source...[0m
[0;32mI (59) boot: Partition Table:[0m
[0;32mI (63) boot: ## Label            Usage          Type ST Offset   Length[0m
[0;32mI (70) boot:  0 nvs              WiFi data        01 02 00010000 00006000[0m
[0;32mI (78) boot:  1 fctry            WiFi data        01 02 00016000 00006000[0m
[0;32mI (85) boot:  2 factory          factory app      00 00 00020000 00400000[0m
[0;32mI (93) boot:  3 storage          Unknown data     01 82 00420000 00600000[0m
[0;32mI (100) boot:  4 model            Unknown data     01 82 00a20000 0050c000[0m
[0;32mI (108) boot: End of partition table[0m
[0;32mI (112) esp_image: segment 0: paddr=00020020 vaddr=3c120020 size=43cf0h (277744) map[0m
[0;32mI (162) esp_image: segment 1: paddr=00063d18 vaddr=3fc9b900 size=082fch ( 33532) load[0m
[0;32mI (169) esp_image: segment 2: paddr=0006c01c vaddr=40374000 size=03ffch ( 16380) load[0m
[0;32mI (172) esp_image: segment 3: paddr=00070020 vaddr=42000020 size=1104f4h (1115380) map[0m
[0;32mI (346) esp_image: segment 4: paddr=0018051c vaddr=40377ffc size=13848h ( 79944) load[0m
[0;32mI (361) esp_image: segment 5: paddr=00193d6c vaddr=50000000 size=00004h (     4) load[0m
[0;32mI (372) boot: Loaded app from partition at offset 0x20000[0m
[0;32mI (372) boot: Disabling RNG early entropy source...[0m
[0;33mW (384) flash HPM: HPM mode is optional feature that depends on flash model. Read Docs First![0m
[0;33mW (384) flash HPM: HPM mode with DC adjustment is disabled. Some flash models may not be supported. Read Docs First![0m
[0;33mW (393) flash HPM: High performance mode of this flash model hasn't been supported.[0m
[0;32mI (402) MSPI Timing: Flash timing tuning index: 2[0m
[0;32mI (407) octal_psram: vendor id    : 0x0d (AP)[0m
[0;32mI (412) octal_psram: dev id       : 0x02 (generation 3)[0m
[0;32mI (418) octal_psram: density      : 0x03 (64 Mbit)[0m
[0;32mI (423) octal_psram: good-die     : 0x01 (Pass)[0m
[0;32mI (429) octal_psram: Latency      : 0x01 (Fixed)[0m
[0;32mI (434) octal_psram: VCC          : 0x01 (3V)[0m
[0;32mI (439) octal_psram: SRF          : 0x01 (Fast Refresh)[0m
[0;32mI (445) octal_psram: BurstType    : 0x01 (Hybrid Wrap)[0m
[0;32mI (451) octal_psram: BurstLen     : 0x01 (32 Byte)[0m
[0;32mI (456) octal_psram: Readlatency  : 0x02 (10 cycles@Fixed)[0m
[0;32mI (462) octal_psram: DriveStrength: 0x00 (1/1)[0m
[0;32mI (474) MSPI Timing: PSRAM timing tuning index: 1[0m
[0;32mI (474) esp_psram: Found 8MB PSRAM device[0m
[0;32mI (478) esp_psram: Speed: 120MHz[0m
[0;32mI (496) mmu_psram: Read only data copied and mapped to SPIRAM[0m
[0;32mI (560) mmu_psram: Instructions copied and mapped to SPIRAM[0m
[0;32mI (560) cpu_start: Multicore app[0m
[0;32mI (734) esp_psram: SPI SRAM memory test OK[0m
[0;32mI (742) cpu_start: Pro cpu start user code[0m
[0;32mI (742) cpu_start: cpu freq: 240000000 Hz[0m
[0;32mI (742) app_init: Application information:[0m
[0;32mI (745) app_init: Project name:     esp-ai[0m
[0;32mI (750) app_init: App version:      1[0m
[0;32mI (754) app_init: Compile time:     Oct 25 2024 14:15:58[0m
[0;32mI (760) app_init: ELF file SHA256:  ddd6c5edd...[0m
[0;32mI (765) app_init: ESP-IDF:          v5.3.1-dirty[0m
[0;32mI (771) efuse_init: Min chip rev:     v0.0[0m
[0;32mI (776) efuse_init: Max chip rev:     v0.99 [0m
[0;32mI (781) efuse_init: Chip rev:         v0.2[0m
[0;32mI (785) heap_init: Initializing. RAM available for dynamic allocation:[0m
[0;32mI (793) heap_init: At 3FCAB0F8 len 0003E618 (249 KiB): RAM[0m
[0;32mI (799) heap_init: At 3FCE9710 len 00005724 (21 KiB): RAM[0m
[0;32mI (805) heap_init: At 600FE100 len 00001EE8 (7 KiB): RTCRAM[0m
[0;32mI (811) esp_psram: Adding pool of 6720K of PSRAM memory to heap allocator[0m
[0;32mI (819) spi_flash: detected chip: generic[0m
[0;32mI (823) spi_flash: flash io: qio[0m
[0;32mI (827) sleep: Configure to isolate all GPIO pins in sleep state[0m
[0;32mI (834) sleep: Enable automatic switching of GPIO sleep configuration[0m
[0;32mI (841) coexist: coex firmware version: 4482466[0m
[0;32mI (861) coexist: coexist rom version e7ae62f[0m
[0;32mI (861) main_task: Started on CPU0[0m
[0;32mI (862) esp_psram: Reserving pool of 32K of internal memory for DMA/internal allocations[0m
[0;32mI (867) main_task: Calling app_main()[0m
[0;32mI (877) pp: pp rom version: e7ae62f[0m
[0;32mI (877) net80211: net80211 rom version: e7ae62f[0m
[0;32mI (882) wifi:wifi driver task: 3fcbd064, prio:23, stack:6656, core=0[0m
[0;32mI (890) wifi:wifi firmware version: ccaebfa[0m
[0;32mI (891) wifi:wifi certification version: v7.0[0m
[0;32mI (895) wifi:config NVS flash: enabled[0m
[0;32mI (899) wifi:config nano formating: disabled[0m
[0;32mI (903) wifi:Init data frame dynamic rx buffer num: 6[0m
[0;32mI (907) wifi:Init static rx mgmt buffer num: 5[0m
[0;32mI (912) wifi:Init management short buffer num: 6[0m
[0;32mI (916) wifi:Init static tx buffer num: 16[0m
[0;32mI (920) wifi:Init tx cache buffer num: 32[0m
[0;32mI (923) wifi:Init static tx FG buffer num: 2[0m
[0;32mI (927) wifi:Init static rx buffer size: 1600[0m
[0;32mI (932) wifi:Init static rx buffer num: 3[0m
[0;32mI (935) wifi:Init dynamic rx buffer num: 6[0m
[0;32mI (939) wifi_init: accept mbox: 6[0m
[0;32mI (943) wifi_init: tcpip mbox: 16[0m
[0;32mI (947) wifi_init: udp mbox: 6[0m
[0;32mI (951) wifi_init: tcp mbox: 6[0m
[0;32mI (954) wifi_init: tcp tx win: 5760[0m
[0;32mI (959) wifi_init: tcp rx win: 5760[0m
[0;32mI (963) wifi_init: tcp mss: 1440[0m
[0;32mI (967) wifi_init: WiFi/LWIP prefer SPIRAM[0m
[0;32mI (972) phy_init: phy_version 680,a6008b2,Jun  4 2024,16:41:10[0m
[0;32mI (1014) wifi:mode : sta (f0:9e:9e:22:22:dc)[0m
[0;32mI (1014) wifi:enable tsf[0m
[0;32mI (1015) BLE_INIT: BT controller compile version [aa16a46][0m
[0;32mI (1016) BLE_INIT: Bluetooth MAC: f0:9e:9e:22:22:de[0m
[0;32mI (1022) wifi:new:<11,2>, old:<1,0>, ap:<255,255>, sta:<11,2>, prof:1, snd_ch_cfg:0x0[0m
[0;32mI (1028) wifi:state: init -> auth (0xb0)[0m
[0;32mI (1035) wifi:state: auth -> assoc (0x0)[0m
[0;32mI (1041) BLUFI_EXAMPLE: BD ADDR: f0:9e:9e:22:22:de
[0m
[0;32mI (1041) BLUFI_EXAMPLE: BLUFI init finish
[0m
[0;32mI (1048) BLUFI_EXAMPLE: BLUFI VERSION 0103
[0m
[0;32mI (1049) wifi:state: assoc -> run (0x10)[0m
[0;32mI (1055) sntp: Boot count: 1[0m
[0;32mI (1059) sntp: Time is not set yet. Connecting to WiFi and getting time over NTP.[0m
[0;32mI (1066) sntp: Initializing SNTP[0m
[0;32mI (1070) sntp: Waiting for system time to be set... (1/10)[0m
[0;32mI (1071) wifi:connected with 208, aid = 3, channel 11, 40D, bssid = c0:f4:e6:01:b1:a8[0m
[0;32mI (1084) wifi:security: WPA2-PSK, phy: bgn, rssi: -61[0m
[0;32mI (1089) wifi:pm start, type: 1[0m

[0;32mI (1092) wifi:dp: 1, bi: 102400, li: 3, scale listen interval from 307200 us to 307200 us[0m
[0;32mI (1100) wifi:set rx beacon pti, rx_bcn_pti: 14, bcn_timeout: 25000, mt_pti: 14, mt_time: 10000[0m
[0;32mI (1108) wifi:AP's beacon interval = 102400 us, DTIM period = 1[0m
[0;32mI (2114) esp_netif_handlers: sta ip: 192.168.3.122, mask: 255.255.255.0, gw: 192.168.3.1[0m
[0;32mI (2114) BLUFI_EXAMPLE: BLUFI BLE is not connected yet
[0m
[0;32mI (3114) sntp: Waiting for system time to be set... (2/10)[0m
[0;32mI (4797) sntp: Notification of a time synchronization event, sec=1729947509[0m
[0;32mI (5114) sntp: The current date/time in Shanghai is: Sat Oct 26 20:58:30 2024[0m
[0;31mE (5114) board: È∫¶ÂÖãÈ£é, Êâ¨Â£∞Âô®, ÂàùÂßãÂåñÊàêÂäü, i2sÂàùÂßãÂåñÂÆåÊØï![0m
[0;32mI (5118) MODEL_LOADER: The storage free size is 24576 KB[0m
[0;32mI (5124) MODEL_LOADER: The partition size is 5168 KB[0m
[0;32mI (5130) MODEL_LOADER: Successfully load srmodels[0m
[0;32mI (5135) AFE_SR: afe interface for speech recognition
[0m
[0;32mI (5141) AFE_SR: AFE version: SR_V220727
[0m
[0;32mI (5146) AFE_SR: Initial auido front-end, total channel: 3, mic num: 2, ref num: 1
[0m
[0;32mI (5154) AFE_SR: aec_init: 0, se_init: 1, vad_init: 1
[0m
[0;32mI (5160) AFE_SR: wakenet_init: 1
[0m
MC Quantized wakenet9: wakenet9_v1h24_Âó®Ôºå‰πêÈë´_3_0.608_0.615, tigger:v3, mode:2, p:0, (Sep  4 2024 11:49:31)
[0;32mI (5275) AFE_SR: wake num: 3, mode: 0, (Sep  4 2024 11:49:31)
[0m
[0;32mI (5275) app_sr: load wakenet:wn9_hilexin[0m
Build fst from commands.
Quantized MultiNet7:rnnt_ctc_2.0, name:mn7_cn, (Sep  4 2024 11:49:30)
Quantized MultiNet7 search method: 2, time out:5.8 s
[0;32mI (6096) app_sr: load multinet:mn7_cn[0m
Build fst from commands.
[0;32mI (6124) MN_COMMAND: ---------------------SPEECH COMMANDS---------------------[0m
[0;32mI (6124) MN_COMMAND: Command ID0, phrase ID0: da kai kong qi jing hua qi[0m
[0;32mI (6128) MN_COMMAND: Command ID1, phrase ID1: guan bi kong qi jing hua qi[0m
[0;32mI (6136) MN_COMMAND: Command ID2, phrase ID2: da kai tai deng[0m
[0;32mI (6142) MN_COMMAND: Command ID3, phrase ID3: guan bi tai deng[0m
[0;32mI (6149) MN_COMMAND: Command ID4, phrase ID4: tai deng tiao liang[0m
[0;32mI (6156) MN_COMMAND: Command ID5, phrase ID5: tai deng tiao an[0m
[0;32mI (6162) MN_COMMAND: Command ID6, phrase ID6: da kai deng dai[0m
[0;32mI (6168) MN_COMMAND: Command ID7, phrase ID7: guan bi deng dai[0m
[0;32mI (6175) MN_COMMAND: Command ID8, phrase ID8: bo fang yin yue[0m
[0;32mI (6181) MN_COMMAND: Command ID9, phrase ID9: ting zhi bo fang[0m
[0;32mI (6188) MN_COMMAND: Command ID10, phrase ID10: da kai shi jian[0m
[0;32mI (6195) MN_COMMAND: Command ID11, phrase ID11: da kai ri li[0m
[0;32mI (6201) MN_COMMAND: ---------------------------------------------------------
[0m
12 active speech commands:
Command 0: da kai kong qi jing hua qi
Command 1: guan bi kong qi jing hua qi
Command 2: da kai tai deng
Command 3: guan bi tai deng
Command 4: tai deng tiao liang
Command 5: tai deng tiao an
Command 6: da kai deng dai
Command 7: guan bi deng dai
Command 8: bo fang yin yue
Command 9: ting zhi bo fang
Command 10: da kai shi jian
Command 11: da kai ri li
[0;32mI (6243) app_sr: audio_chunksize=1024, feed_channel=3[0m
[0;32mI (6243) app_sr: ------------detect start------------
[0m
[0;31mE (6250) app_sr_handler: ======== sr_handler_task running ==========[0m
[0;32mI (6410) board: Partition size: total: 5775761, used: 2258498[0m
[0;32mI (6410) main: Free memory after start: 318499 bytes[0m
